// Jest Snapshot v1, https://goo.gl/fbAQLP

exports[`renders correctly 1`] = `
<div
  className="container"
>
  <div
    className="display"
  >
    <h3
      className="result"
    >
      0
    </h3>
  </div>
  <div
    className="row"
  >
    <button
      className="button false gray"
      onClick={[Function]}
      type="button"
    >
      AC
    </button>
    <button
      className="button false gray"
      onClick={[Function]}
      type="button"
    >
      +/-
    </button>
    <button
      className="button false gray"
      onClick={[Function]}
      type="button"
    >
      %
    </button>
    <button
      className="button false orange"
      onClick={[Function]}
      type="button"
    >
      รท
    </button>
  </div>
  <div
    className="row"
  >
    <button
      className="button false gray"
      onClick={[Function]}
      type="button"
    >
      7
    </button>
    <button
      className="button false gray"
      onClick={[Function]}
      type="button"
    >
      8
    </button>
    <button
      className="button false gray"
      onClick={[Function]}
      type="button"
    >
      9
    </button>
    <button
      className="button false orange"
      onClick={[Function]}
      type="button"
    >
      x
    </button>
  </div>
  <div
    className="row"
  >
    <button
      className="button false gray"
      onClick={[Function]}
      type="button"
    >
      4
    </button>
    <button
      className="button false gray"
      onClick={[Function]}
      type="button"
    >
      5
    </button>
    <button
      className="button false gray"
      onClick={[Function]}
      type="button"
    >
      6
    </button>
    <button
      className="button false orange"
      onClick={[Function]}
      type="button"
    >
      -
    </button>
  </div>
  <div
    className="row"
  >
    <button
      className="button false gray"
      onClick={[Function]}
      type="button"
    >
      1
    </button>
    <button
      className="button false gray"
      onClick={[Function]}
      type="button"
    >
      2
    </button>
    <button
      className="button false gray"
      onClick={[Function]}
      type="button"
    >
      3
    </button>
    <button
      className="button false orange"
      onClick={[Function]}
      type="button"
    >
      +
    </button>
  </div>
  <div
    className="row"
  >
    <button
      className="button wide gray"
      onClick={[Function]}
      type="button"
    >
      0
    </button>
    <button
      className="button false gray"
      onClick={[Function]}
      type="button"
    >
      .
    </button>
    <button
      className="button false orange"
      onClick={[Function]}
      type="button"
    >
      =
    </button>
  </div>
</div>
`;
