// Jest Snapshot v1, https://goo.gl/fbAQLP

exports[`renders correctly 1`] = `
<div
  className="home"
>
  <h2>
    Welcome to our page!
  </h2>
  <p>
    Math Magicians lets you do fun basic calculations.
  </p>
  <p>
    Click on the Calculator link to do some math.
  </p>
</div>
`;
