// Jest Snapshot v1, https://goo.gl/fbAQLP

exports[`renders correctly 1`] = `
<h2
  className="quote"
>
  Mathematics is not about numbers, equations, computations, or algorithms:
   
  <br />
  it is about understanding. â€“William Paul Thurston
</h2>
`;
